// Jest Snapshot v1, https://goo.gl/fbAQLP

exports[`Tools List Snapshot Tests Tool Names Snapshot tools/list should return expected tool names (snapshot): expected-tools-list 1`] = `
[
  "analyze_activity",
  "analyze_goal_feasibility",
  "analyze_meal_nutrition",
  "analyze_performance_trends",
  "analyze_sleep_quality",
  "analyze_training_load",
  "calculate_daily_nutrition",
  "calculate_fitness_score",
  "calculate_metrics",
  "calculate_personalized_zones",
  "calculate_recovery_score",
  "compare_activities",
  "connect_provider",
  "delete_fitness_config",
  "delete_recipe",
  "detect_patterns",
  "disconnect_provider",
  "generate_recommendations",
  "get_activities",
  "get_activity_intelligence",
  "get_athlete",
  "get_configuration_catalog",
  "get_configuration_profiles",
  "get_connection_status",
  "get_fitness_config",
  "get_food_details",
  "get_nutrient_timing",
  "get_recipe",
  "get_recipe_constraints",
  "get_stats",
  "get_user_configuration",
  "list_fitness_configs",
  "list_recipes",
  "optimize_sleep_schedule",
  "predict_performance",
  "save_recipe",
  "search_food",
  "search_recipes",
  "set_fitness_config",
  "set_goal",
  "suggest_goals",
  "suggest_rest_day",
  "track_progress",
  "track_sleep_trends",
  "update_user_configuration",
  "validate_configuration",
  "validate_recipe",
]
`;
