// Jest Snapshot v1, https://goo.gl/fbAQLP

exports[`Tools List Snapshot Tests Tool Names Snapshot tools/list should return expected tool names (snapshot): expected-tools-list 1`] = `
[
  "activate_coach",
  "admin_assign_coach",
  "admin_create_system_coach",
  "admin_delete_system_coach",
  "admin_get_system_coach",
  "admin_list_coach_assignments",
  "admin_list_system_coaches",
  "admin_unassign_coach",
  "admin_update_system_coach",
  "analyze_goal_feasibility",
  "analyze_meal_nutrition",
  "analyze_sleep_quality",
  "analyze_training_load",
  "calculate_daily_nutrition",
  "calculate_fitness_score",
  "calculate_personalized_zones",
  "calculate_recovery_score",
  "connect_provider",
  "create_coach",
  "deactivate_coach",
  "delete_coach",
  "delete_fitness_config",
  "delete_recipe",
  "detect_patterns",
  "disconnect_provider",
  "get_active_coach",
  "get_activities",
  "get_athlete",
  "get_coach",
  "get_configuration_catalog",
  "get_configuration_profiles",
  "get_connection_status",
  "get_fitness_config",
  "get_food_details",
  "get_nutrient_timing",
  "get_recipe",
  "get_recipe_constraints",
  "get_stats",
  "get_stretching_exercise",
  "get_user_configuration",
  "get_yoga_pose",
  "hide_coach",
  "list_coaches",
  "list_fitness_configs",
  "list_hidden_coaches",
  "list_recipes",
  "list_stretching_exercises",
  "list_yoga_poses",
  "optimize_sleep_schedule",
  "save_recipe",
  "search_coaches",
  "search_food",
  "search_recipes",
  "set_fitness_config",
  "set_goal",
  "show_coach",
  "suggest_goals",
  "suggest_rest_day",
  "suggest_stretches_for_activity",
  "suggest_yoga_sequence",
  "toggle_coach_favorite",
  "track_progress",
  "track_sleep_trends",
  "update_coach",
  "update_user_configuration",
  "validate_configuration",
  "validate_recipe",
]
`;
